treeleaves1.e3d=Tree Leaves 1
treeleaves2.e3d=Tree Leaves 2
treeleaves3.e3d=Tree Leaves 3
treeleaves4.e3d=Tree Leaves 4
treeleaves5.e3d=Tree Leaves 5
treeleaves6.e3d=Tree Leaves 6
treeleaves7.e3d=Tree Leaves 7
treeleaves8.e3d=Tree Leaves 8
treeleaves9.e3d=Tree Leaves 9
treeleaves10.e3d=Tree Leaves 10
treeleaves12.e3d=Tree Leaves 12
treeleaves13.e3d=Tree Leaves 13
treeleaves14.e3d=Tree Leaves 14
treeleaves15.e3d=Tree Leaves 15
treeleaves16.e3d=Tree Leaves 16
treeleaves17.e3d=Tree Leaves 17
treeleaves18.e3d=Tree Leaves 18
treeleaves19.e3d=Tree Leaves 19
treeleaves20.e3d=Tree Leaves 20
treeleaves21.e3d=Tree Leaves 21
treeleaves22.e3d=Tree Leaves 22
treeleaves23.e3d=Tree Leaves 23
treeleaves24.e3d=Tree Leaves 24
treeleaves25.e3d=Tree Leaves 25
treeleaves26.e3d=Tree Leaves 26
treeleaves27.e3d=Tree Leaves 27
treeleaves28.e3d=Tree Leaves 28
treeleaves29.e3d=Tree Leaves 29
treeleaves30.e3d=Tree Leaves 30
treeleaves31.e3d=Tree Leaves 31
treeleaves32.e3d=Tree Leaves 32
treeleaves33.e3d=Willow Tree 1
treeleaves34.e3d=Willow Tree 2
treeleaves35.e3d=Yew
treeflower1.e3d=Tree Flowers 1
treeflower2.e3d=Tree Flowers 2
tree_xmas.e3d=Christmas Tree
tree1.e3d=Tree 1
tree2.e3d=Tree 2
tree3.e3d=Tree 3
tree4.e3d=Tree 4
tree5.e3d=Tree 5
tree6.e3d=Tree 6
tree7.e3d=Tree 7
tree8.e3d=Tree 8
tree9.e3d=Tree 9
tree10.e3d=Tree 10
tree11.e3d=Tree 11
tree12.e3d=Tree 12
tree13.e3d=Tree 13
tree14.e3d=Tree 14
tree15.e3d=Tree 15
tree16.e3d=Tree 16
tree17.e3d=Tree 17
tree18.e3d=Tree 18
tree19.e3d=Tree 19
tree20.e3d=Tree 20
tree21.e3d=Tree 21
tree_small1.e3d=Small Tree 1
tree_small2.e3d=Small Tree 2
tree_small3.e3d=Small Tree 3
treebig1.e3d=Big Tree 1
treebig2.e3d=Big Tree 2
treebig3.e3d=Big Tree 3
leaves1.e3d=leaves 1
leaves2.e3d=leaves 2
leaves_bigtree.e3d=Big Tree leaves
firewood1.e3d=Fire wood 1
firewood2.e3d=Fire wood 2
firespit1.e3d=Fire spit
log1.e3d=Wood Log
log2.e3d=Wood Log
stick1.e3d=Stick 1
stick2.e3d=Stick 2
stump1.e3d=Stump 1
stump2.e3d=Stump 2
stump3.e3d=Stump 3
branch1.e3d=Branch
branch2.e3d=Branch
branch3.e3d=Branch
branch4.e3d=Branch
branch5.e3d=Branch
branch6.e3d=Branch
branch7.e3d=Branch
vine1.e3d=Vine 1
vine2.e3d=Vine 2
vine3.e3d=Vine 3
vineleaves1.e3d=VineLeaves 1
vineleaves2.e3d=VineLeaves 2
vineleaves3.e3d=VineLeaves 3
shrub1.e3d=Shrub1
shrub2.e3d=Shrub2
shrub3.e3d=Shrub3
bush1.e3d=Bush1
bush2.e3d=Bush2
bush3.e3d=Bush3
bush4.e3d=Bush4
bush5.e3d=Bush5
bush6.e3d=Bush6
bush7.e3d=Bush7
bush8.e3d=Bush8
plant7.e3d=Plant7
Hedge1.e3d=Hedge1
hedge2.e3d=Hedge2
thornbush1.e3d=Thornbush 1
thornbush2.e3d=Thornbush 2
flowerblue1.e3d=Chrysanthemum
flowerpink1.e3d=Chrysanthemum
flowerpurple1.e3d=Chrysanthemum
flowerblue2.e3d=Blue Star Flower
flowerbush1.e3d=Lilacs
flowerbush6.e3d=Lilacs
flowerbush2.e3d=Red Snapdragons
flowerbush3.e3d=Blue Lupine
flowerbush4.e3d=Blue Lupine
flowerbush5.e3d=Blue Lupine
flowerorange1.e3d=Tiger Lillies
flowerorange2.e3d=Tiger Lillies
flowerorange3.e3d=Orange Rose
flowerpurple2.e3d=Black Rose
flowerred1.e3d=Red Rose
flowersun1.e3d=Sunflower
flowersun2.e3d=Sunflower
flowerpurple3.e3d=Impatiens
flowerwhite3.e3d=Impatiens
flowerwhite1.e3d=Asiatic Lilly
flowerwhite2.e3d=Asiatic Lilly
flower_daffodils.e3d=Daffofils
flower_dandelion.e3d=Dandelions
flower_poppies.e3d=Poppies
flower_tulips1.e3d=Tulips
flower_tulips2.e3d=Tulips
flower_tulips3.e3d=Tulips
herb_henbane.e3d=Henbane
herb_mugwort.e3d=Mugwort
herb_mullein.e3d=Mullein
herb_nightshade.e3d=Nightshade
herb_rue.e3d=Rue
herb_valerian.e3d=Valerian
herb_wormwood.e3d=Wormwood
herb_yarrow.e3d=Yarrow
bush_blueberry.e3d=Blueberries
bush_redberry.e3d=Red Currents
mushroom1.e3d=Toadstool
mushroom2.e3d=Toadstool
mushroom3.e3d=Toadstool
mushroom4.e3d=Mushroom4
mushroom5.e3d=Mushroom5
mushroom6.e3d=Mushroom6
mushroom7.e3d=Mushroom7
mushroom8.e3d=Mushroom8
grass1.e3d=Grass
grass2.e3d=Grass12
grass3.e3d=Grass3
grass4.e3d=Grass4
grass5.e3d=Grass5
grass6.e3d=Grass6
grass7.e3d=Grass7
grass8.e3d=Grass8
grass9.e3d=Grass9
grass10.e3d=Grass10
grass11.e3d=Grass11
grass12.e3d=Grass12
grasstall1.e3d=Tall Grass1
grasstall2.e3d=Tall Grass2
grasstall3.e3d=Tall Grass3
grasstall4.e3d=Tall Grass4
moss.e3d=Moss
moss2.e3d=Wall Moss1
moss3.e3d=Wall Moss2
moss4.e3d=Wall Moss3
moss5.e3d=Wall Moss4
plant1.e3d=Plant1
plant2.e3d=Plant2
plant3.e3d=Plant3
plant5.e3d=Plant5
plant6_fern.e3d=Plant6
plant8_fern.e3d=Plant8
ivy.e3d=Ivy1
bush_poisonivy.e3d=Poison Ivy
cactus1.e3d=Cactus
cactus2.e3d=Cactus
cactus3.e3d=Cactus
cotton1.e3d=Cotton
cotton2.e3d=Cotton
wheat1.e3d=Wheat
wheat2.e3d=Wheat
lillypad1.e3d=Lillypad1
lillypad2.e3d=Lillypad2
lillypad3.e3d=Lillypad3
cattails.e3d=Cattails
triste1.e3d=Triste1
triste2.e3d=Triste2
plant4.e3d=SwampCandles
food_carrot.e3d=Vegetables
food_tomatoe.e3d=Vegetables
food_pumpkin.e3d=Vegetables
cabbage.e3d=Vegetables
corn1.e3d=Vegetables
corn2.e3d=Vegetables
corn3.e3d=Vegetables
corn4.e3d=Vegetables
tomatoeplant1.e3d=Vegetables
tomatoeplant2.e3d=Vegetables
hay.e3d=Hay
haystack1.e3d=Haystack1
haystack2.e3d=Haystack2
arch_bridge1.e3d=Arch_bridge1
arch_bridge2.e3d=Arch_bridge2
arch_cliff1.e3d=Arch_cliff1
arch_cliff2.e3d=Arch_cliff2
arch_cliff3.e3d=Arch_cliff3
arch_cliff4.e3d=arch_cliff4
arch_cliff5.e3d=Arch_cliff5
arch_cliff6.e3d=Arch_cliff6
arch_cliff7.e3d=Arch_cliff7
cave1.e3d=cave1
cave2.e3d=cave2
cave3.e3d=cave3
cave4.e3d=cave4
cave5.e3d=cave5
cliff_low1.e3d=cliff_low1
cliff_low2.e3d=cliff_low2
mountain2.e3d=mountain2
mountain3.e3d=mountain3
mountain4.e3d=mountain4
rock_huge1.e3d=rock_huge1
rock_huge2.e3d=rock_huge2
rock_huge3.e3d=rock_huge3
rock_huge4.e3d=rock_huge4
rock_huge5.e3d=rock_huge5
rock_huge6.e3d=rock_huge6
rock_huge7.e3d=rock_huge7
rock_huge8.e3d=rock_huge8
rock_huge9.e3d=rock_huge9
rock_huge10.e3d=rock_huge10
rock_huge11.e3d=rock_huge11
rock_huge12.e3d=rock_huge12
rock_huge13.e3d=rock_huge13
rock_huge14.e3d=rock_huge14
rock_huge15.e3d=rock_huge15
rock_huge16.e3d=rock_huge16
rock_huge17.e3d=rock_huge17
mountain1.e3d=mountain1
mountain5.e3d=mountain5
rock_big1.e3d=rock_big1
rock_big2.e3d=rock_big2
rock_big3.e3d=rock_big3
rock_big4.e3d=rock_big4
rock_big5.e3d=rock_big5
rock_big6.e3d=rock_big6
rock_big7.e3d=rock_big7
rock_big8.e3d=rock_big8
rock_big9.e3d=rock_big9
rock_big10.e3d=rock_big10
rock_big11.e3d=rock_big11
rock_big12.e3d=rock_big12
rock_big13.e3d=rock_big13
rock_big14.e3d=rock_big14
rock_big15.e3d=rock_big15
rock_big16.e3d=rock_big16
rock_small1.e3d=rock_small1
rock_small2.e3d=rock_small2
rock_small3.e3d=rock_small3
rock_small4.e3d=rock_small4
rock_small5.e3d=rock_small5
rock_small6.e3d=rock_small6
rock_small7.e3d=rock_small7
rock_small8.e3d=rock_small8
rock_small9.e3d=rock_small9
rock_small10.e3d=rock_small10
rock_small11.e3d=rock_small11
rock_small12.e3d=rock_small12
rock_small13.e3d=rock_small13
rock_small14.e3d=rock_small14
stalagmite1.e3d=stalagmite1
stalagmite2.e3d=stalagmite2
stalagmite3.e3d=stalagmite3
mound_dirt1.e3d=Dirt Mound1
mound_dirt2.e3d=Dirt Mound2
mound_dirt3.e3d=Dirt Mound3
mound_dirt4.e3d=Dirt Mound4
mound_grass1.e3d=Grass Mound1
mound_grass2.e3d=Grass Mound2
mound_grass3.e3d=Grass Mound3
mound_grass4.e3d=Grass Mound4
mound_grass5.e3d=Grass Mound5
mound_grass6.e3d=Grass Mound6
mound_grass7.e3d=Grass Mound7
mound_grass8.e3d=Grass Mound8
mound_sand1.e3d=Sand Mound1
mound_sand2.e3d=Sand Mound2
mound_sand3.e3d=Sand Mound3
mound_sand4.e3d=Sand Mound4
mound_sand5.e3d=Sand Mound5
mound_sand6.e3d=Sand Mound6
mound_sand7.e3d=Sand Mound7
mound_sand8.e3d=Sand Mound8
mound_sand9.e3d=Sand Mound9
mound_sand10.e3d=Sand Mound10
mound_sand11.e3d=Sand Mound11
mound_sand12.e3d=Sand Mound12
mound_sand13.e3d=Sand Mound13
mound_sand14.e3d=Sand Mound14
mound_sand15.e3d=Sand Mound15
mound_sand16.e3d=Sand Mound16
sanddune1.e3d=Sand Dune1
waterbank1.e3d=Water Bank1
waterbank2.e3d=Water Bank2
waterbank3.e3d=Water Bank3
waterbank4.e3d=Water Bank4
waterbank5.e3d=Water Bank5
waterbank6.e3d=Water Bank6
waterbank7.e3d=Water Bank7
waterbank8.e3d=Water Bank8
waterbank9.e3d=Water Bank9
waterbank10.e3d=Water Bank10
waterbank11.e3d=Water Bank11
road1.e3d=Road1
road2.e3d=Road2
road3.e3d=Road3
road4.e3d=Road4
road5.e3d=Road5
road6.e3d=Road6
road7.e3d=Road7
road8.e3d=Road8
road9.e3d=Road9
road10.e3d=Road10
road11.e3d=Road11
road_stone1.e3d=Stone Road1
road_stone2.e3d=Stone Road2
roadside1.e3d=Roadside 1
roadside2.e3d=Roadside 2
roadside3.e3d=Roadside 3
roadside4.e3d=Roadside 4
roadside5.e3d=Roadside 5
roadside6.e3d=Roadside 6
bridge1.e3d=Bridge 1
bridge2.e3d=Bridge 2
bridge_elf1.e3d=Elf Bridge 1
bridge_elf2.e3d=Elf Bridge 2
house1.e3d=House1
house2.e3d=House2
house3.e3d=House3
house4.e3d=House4
house5.e3d=House5
house6.e3d=House6
house7.e3d=House7
house8.e3d=House8
house9.e3d=House9
house10.e3d=House10
house11.e3d=House11
house12.e3d=House12
house13.e3d=House13
house14.e3d=House14
house15.e3d=House15
house16.e3d=House16
house17.e3d=House17
house18.e3d=House18
house19.e3d=House19
house24.e3d=House24
house25.e3d=House25
house26.e3d=House26
house27.e3d=House27
house28.e3d=House28
house29.e3d=House29
house30.e3d=House30
house31.e3d=House31
house32.e3d=House32
house33.e3d=House33
house34.e3d=House34
house35.e3d=House35
house36.e3d=House36
house37.e3d=House37
house38.e3d=House38
house39.e3d=House39
insidehouse1.e3d=InsideHouse1
insidehouse2.e3d=InsideHouse2
insidehouse3.e3d=InsideHouse3
insidehouse4.e3d=InsideHouse4
insidehouse5.e3d=InsideHouse5
insidehouse6_7.e3d=InsideHouse6&amp;7
insidehouse8.e3d=InsideHouse8
insidehouse9.e3d=InsideHouse9
insidehouse9_big.e3d=InsideHouse9 BIG
insidehouse9_small.e3d=InsideHouse9 SMALL
insidehouse10.e3d=InsideHouse10
insidehouse11.e3d=InsideHouse11
insidehouse12.e3d=InsideHouse12
insidehouse13.e3d=InsideHouse13
insidehouse14.e3d=InsideHouse14
insidehouse15.e3d=InsideHouse15
insidehouse16.e3d=InsideHouse16
insidehouse17.e3d=InsideHouse17
insidehouse18.e3d=InsideHouse18
insidehouse24.e3d=InsideHouse24
insidehouse25.e3d=InsideHouse25
insidehouse26.e3d=InsideHouse26
insidehouse27.e3d=InsideHouse27
insidehouse28.e3d=InsideHouse28
insidehouse29.e3d=InsideHouse29
insidehouse30.e3d=InsideHouse30
insidehouse31.e3d=InsideHouse31
insidehouse32.e3d=InsideHouse32
insidehouse33.e3d=InsideHouse33
insidehouse34.e3d=InsideHouse34
insidehouse35.e3d=InsideHouse35
insidehouse36.e3d=InsideHouse36
insidehouse37.e3d=InsideHouse37
house_dwarf1.e3d=House1
house_dwarf2.e3d=House2
house_dwarf3.e3d=House3
house_dwarf4.e3d=House4
house_dwarf5.e3d=House5
insidehouse_dwarf1.e3d=HouseInside1
insidehouse_dwarf2.e3d=HouseInside2
insidehouse_dwarf3.e3d=HouseInside3
insidehouse_dwarf4.e3d=HouseInside4
insidehouse_dwarf5.e3d=HouseInside5
house_dwarf6.e3d=Entrance1
house_dwarf7.e3d=Entrance2
house_dwarf8.e3d=Entrance3
house_dwarf9.e3d=Entrance4
house_dwarf10.e3d=Entrance5
house_gnome1.e3d=House1
house_gnome2.e3d=House2
house_gnome3.e3d=House3
house_gnome4.e3d=House4
house_gnome5.e3d=House5
insidehouse_gnome1.e3d=HouseInside1&amp;3
insidehouse_gnome2.e3d=HouseInside2
insidehouse_gnome4.e3d=HouseInside4
insidehouse_gnome5.e3d=HouseInside5
house_elf1.e3d=House1
house_elf2.e3d=House2
house_elf3.e3d=House3
house_elf4.e3d=House4
house_elf5.e3d=House5
house_elf6.e3d=House6
house_elf7.e3d=House7
house_elf8.e3d=House8
house_elf9.e3d=House9
house_elf10.e3d=House10
insidehouse_elf1.e3d=HouseInside1
insidehouse_elf2.e3d=HouseInside2
insidehouse_elf3.e3d=HouseInside3
insidehouse_elf4.e3d=HouseInside4
insidehouse_elf5.e3d=HouseInside5
insidehouse_elf6.e3d=HouseInside6
insidehouse_elf7.e3d=HouseInside7
insidehouse_elf8.e3d=HouseInside8
insidehouse_elf9.e3d=HouseInside9
insidehouse_elf10.e3d=HouseInside10
house_orchan1.e3d=House1
house_orchan2.e3d=House2
house_orchan3.e3d=House3
house_orchan4.e3d=House4
house_orchan5.e3d=House5
insidehouse_orchan1.e3d=HouseInside1
insidehouse_orchan2.e3d=HouseInside2
insidehouse_orchan3.e3d=HouseInside3
insidehouse_orchan4.e3d=HouseInside4
insidehouse_orchan5.e3d=HouseInside5
watchtower2_orchan.e3d=WatchTower
house_minotaur1.e3d=House1
house_minotaur2.e3d=House2
house_minotaur3.e3d=House3
house_minotaur4.e3d=House4
house_minotaur5.e3d=House5
house_minotaur6.e3d=House6
house_minotaur7.e3d=House7
house_minotaur8.e3d=House8
house_minotaur9.e3d=House9
house_minotaur10.e3d=House10
house_minotaur11.e3d=House11
house_snow1.e3d=House1
house_snow2.e3d=House2
house_snow3.e3d=House3
house_snow4.e3d=House4
house_snow5.e3d=House5
insidehouse_snow1.e3d=HouseInside1
insidehouse_snow2.e3d=HouseInside2
insidehouse_snow3.e3d=HouseInside3
insidehouse_snow4.e3d=HouseInside4
insidehouse_snow5.e3d=HouseInside5
treehouse1.e3d=Tree 1
treehouse2.e3d=Tree 2
treehouse3.e3d=Tree 3
insidetreehouse1.e3d=InsideTree 1
insidetreehouse2.e3d=InsideTree 2
insidetreehouse3.e3d=InsideTree 3
tent1.e3d=Tent 1
tent2.e3d=Tent 2
tent3.e3d=Tent 3
tent_big1.e3d=BigTent 1
tent_big2.e3d=BigTent 2
tent_big3.e3d=BigTent 3
insidetent1.e3d=InsideBigTent 1
insidetent2.e3d=InsideBigTent 2
insidetent3.e3d=InsideBigTent 3
tent_fur1.e3d=FurTent 1
tent_furinside1.e3d=InsideFurTent 1
building1.e3d=Building1
cityhouse1.e3d=Bulding2
insidebuilding1.e3d=InsideBuilding1
house20.e3d=House20
house21.e3d=House21
house22.e3d=House22
house23.e3d=House23
hut1.e3d=Hut 1
hut2.e3d=Hut 2
insidehouse20_21.e3d=InsideHouse20&amp;21
insidehouse22.e3d=InsideHouse22
insidehouse23.e3d=InsideHouse23
insidehut1.e3d=InsideHut 1
insidehut2.e3d=InsideHut 2
temple1.e3d=Temple
insidetemple1.e3d=InsideTemple
marketstall1.e3d=Stall 1
marketstall2.e3d=Stall 2
outhouse1.e3d=Dung
stable1.e3d=Stables
ticketbooth.e3d=Booth
magicschool1.e3d=Piece 1
magicschool_wall2.e3d=Piece 2
magicschool_wall1.e3d=Wall-Bridge 1
magicschool_stairs1.e3d=Stairs 1
magicschool_tower1.e3d=Tower 1
door_magics1.e3d=Door 1
door_magics2.e3d=Door 2
window_magics1.e3d=Window 1
window_magics2.e3d=Window 2
window_magics3.e3d=Window 3
castleentrance1.e3d=Castle Entrance 1
castleside1.e3d=Castle 1
castletower1.e3d=Castle Tower 1
castleentrance2.e3d=Castle Entrance 2
castleside2.e3d=Castle 2
castletower2.e3d=Castle Tower 2
wagon1.e3d=Wagon 1
wagon2.e3d=Wagon 2
wagon3.e3d=Wagon 3
door1.e3d=Door 1
door2.e3d=Door 2
door3.e3d=Door 3
door4.e3d=Door 4
door5.e3d=Door 5
door6.e3d=Door 6
door7.e3d=Door 7
door8.e3d=Door 8
door13.e3d=Door 13
door14.e3d=Door 14
door15.e3d=Door 15
door16.e3d=Door 16
door17.e3d=Door 17
door18.e3d=Door 18
door19.e3d=Door 19
doors9.e3d=Double Doors 1
doors10.e3d=Double Doors 2
doors11.e3d=Double Doors 3
doors12.e3d=Double Doors 4
door_dwarf1.e3d=Dwarf Door 1
door_dwarf2.e3d=Dwarf Door 2
door_dwarf3.e3d=Dwarf Door 3
door_dwarf4.e3d=Dwarf Door 4
door_dwarf5.e3d=Dwarf Door 5
door_elf1.e3d=Elf Door 1
door_elf2.e3d=Elf Door 2
door_elf3.e3d=Elf Door 3
door_gnome1.e3d=Gnome Door 1
door_gnome2.e3d=Gnome Door 2
door_orchan1.e3d=Orchan Door 1
door_orchan2.e3d=Orchan Door 2
door_orchan3.e3d=Orchan Door 3
door_magic1.e3d=Door 1
door_magic2.e3d=Door 2
door_magic3.e3d=Door 3
door_magic4.e3d=Doors 4
window1.e3d=Window 1
window2.e3d=Window 2
window_evilcastle1.e3d=Window 3
window_evilcastle2.e3d=Window 4
chimney1.e3d=Chimney 1
chimneytop1.e3d=Chimney Top 1
chimneytop2.e3d=Chimney Top 2
chimneystovetop1.e3d=Chimney
awning1.e3d=Awning 1
awning2.e3d=Awning 2
awning3.e3d=Awning 3
awning4.e3d=Awning 4
awning5.e3d=Awning 5
awning6.e3d=Awning 6
awning7.e3d=Awning 7
staircase1.e3d=Staircase
stairs1.e3d=Stairs
wall1.e3d=Wall 1
wall2.e3d=Wall 2
wall3.e3d=Wall 3
wall4.e3d=Wall 4
wall5.e3d=Wall 5
wall6.e3d=Wall 6
wall7.e3d=Wall 7
wall8.e3d=Wall 8
wall9.e3d=Wall 9
wall10.e3d=Wall 10
wall11.e3d=Wall 11
wall12.e3d=Wall 12
wall13.e3d=Wall 13
wall14.e3d=Wall 14
wall15.e3d=Wall 15
wall16.e3d=Wall 16
wall17.e3d=Wall 17
wall18.e3d=Wall 18
wall19.e3d=Wall 19
wall20.e3d=Wall 20
sewer_wall1.e3d=Sewer Wall 1
sewer_floor1.e3d=Sewer Floor 1
sewer_walkway1.e3d=Walkway 1
sewer_archway1.e3d=Archway 1
sewer_archway2.e3d=Archway 2
sewer_column1.e3d=Column 1
sewer_drain1.e3d=Drain 1
sewer_grate1.e3d=Grate 1
sewer_grate2.e3d=Grate 2
sewer_grate3.e3d=Grate 3
drawers1.e3d=Drawers 1
drawers2.e3d=Drawers 2
counter1.e3d=Counter 1
counter2.e3d=Counter 2
armoire1.e3d=Armoire 1
armoire2.e3d=Armoire 2
cupboard1.e3d=Cupboard 1
cupboard2.e3d=Cupboard 2
shelves2.e3d=Shelves 2
pulpit1.e3d=Pulpit
desk1.e3d=Desk 1
desk2.e3d=Desk 2
stool1.e3d=Stool 1
stool2.e3d=Stool 2
chair1.e3d=Chair 1
chair2.e3d=Chair 2
chair3.e3d=Chair 3
chair4.e3d=Chair 4
bench1.e3d=Bench 1
throne1.e3d=Evil Throne
throne2.e3d=Good Throne
table1.e3d=Table 1
table2.e3d=Table 2
table3.e3d=Table 3
table4.e3d=Table 4
table5.e3d=Table 5
bed1.e3d=Bed 1
bed2.e3d=Bed 2
bed3.e3d=Bed 3
bed4.e3d=Bed 4
bed5.e3d=Small Bed 5
bed6.e3d=Small Bed 6
bed7.e3d=Small Bed 7
stove1.e3d=Potbelly Stove
stove2.e3d=Coal Stove
cityentrance1.e3d=Entrance 1
citytower1.e3d=Tower 1
citytower2.e3d=Tower 2
citywall1.e3d=Wall 1
citywall2.e3d=Wall 2
cityentrance2.e3d=Entrance 2
citytower3.e3d=Tower 3
citytower6.e3d=Tower 6
citywall7.e3d=Wall 7
citywall7_corner.e3d=Wall 7 Corner
citywall8.e3d=Wall 8
citywall_stairs2.e3d=Stairs 2
cityentrance3.e3d=Entrance 3
citytower7.e3d=Tower 7
citywall9.e3d=Wall 9
citywall10.e3d=Wall 10
citywall_stairs3.e3d=Stairs 3
arch6.e3d=Arch 6
citytower_elf1.e3d=Tower 1
citytower_elf2.e3d=Tower 2
citytower_elf3.e3d=Tower 3
citytower_elf4.e3d=Tower 4
citywall_elf1.e3d=Wall 1
gazebo_elven1.e3d=Gazebo
portculis.e3d=Portculis
citywall3.e3d=Wall 3
citywall4.e3d=Wall 4
citywall5.e3d=Wall 5
citywall6.e3d=Wall 6
citytower4.e3d=Tower 4
citytower5.e3d=Tower 5
citywall_stairs.e3d=Stairs 1
arch1.e3d=Arch 1
arch2.e3d=Arch 2
arch3.e3d=Arch 3
arch4.e3d=Arch 4
arch5.e3d=Arch 5
stonewall1.e3d=Stone Wall1
stonewall2.e3d=Stone Wall2
woodwall1.e3d=Wood Wall
watchtower1.e3d=WatchTower
rubble1.e3d=Rubble 1
rubble2.e3d=Rubble 2
rubble3.e3d=Rubble 3
rubble4.e3d=Rubble 4
rubble5.e3d=Rubble 5
rubble6.e3d=Rubble 6
wall_long1.e3d=Long Wall 1
wall_long2.e3d=Long Wall 2
wall_small1.e3d=Small Wall 1
wall_small2.e3d=Small Wall 2
wall_small3.e3d=Small Wall 3
wall_small4.e3d=Small Wall 4
wall_small5.e3d=Small Wall 5
wall_small6.e3d=Small Wall 6
wall_small7.e3d=Small Wall 7
wall_small8.e3d=Small Wall 8
wall_tall1.e3d=Tall Wall 1
wall_tall2.e3d=Tall Wall 2
wall_tall3.e3d=Tall Wall 3
wall_tall4.e3d=Tall Wall 4
wall_win1.e3d=Window 1
wall_win2.e3d=Window 2
wall_win3.e3d=Window 3
wall_win4.e3d=Window 4
wall_door1.e3d=Door 1
wall_door2.e3d=Door 2
wall_door3.e3d=Door 3
wall_door4.e3d=Door 4
shield1.e3d=Wood Shield
shield2.e3d=Enhanced W. Shield
shield3.e3d=Iron Shield
shield4.e3d=Steel Shield
sword1.e3d=Iron Sword
sword2.e3d=Iron Broad Sword
sword3.e3d=Steel Long Sword
sword4.e3d=Steel 2edged Sword
sword5.e3d=Titanium Short
sword6.e3d=Titanium Long
sword7.e3d=Titanium Serpent
sword8.e3d=Emerald Claymore
sword9.e3d=Cutlass
sword10.e3d=Sun Breaker
sword11.e3d=Orc Slayer
sword12.e3d=Eagle Wing
sword13.e3d=Rapier
sword14.e3d=Jagged Sabre
axe1.e3d=Iron Axe
axe2.e3d=Steel Axe
axe3.e3d=Titanium Axe
pickaxe1.e3d=Pick Axe
warhammer1.e3d=Wooden Hammer
warhammer2.e3d=Iron Hammer
staff1.e3d=Wooden Staff
staff_quarter.e3d=Quarter Staff
staff2.e3d=Mage Staff
staff3.e3d=Protection Staff
target1.e3d=Target 1
arrow1.e3d=Arrow 1
arrow2.e3d=Arrow 2
arrow3.e3d=Arrow 3
arrow1a.e3d=Arrow 
arrow1_magic.e3d=Magic Arrow 
arrow1_fire.e3d=Fire Arrow 
arrow1_ice.e3d=Ice Arrow 
arrow1_explosive.e3d=Explo.Arrow
arrow2a.e3d=Bolt 
arrow2_magic.e3d=Magic Bolt 
arrow2_fire.e3d=Fire Bolt 
arrow2_ice.e3d=Ice Bolt 
arrow2_explosive.e3d=Explo.Bolt
bow_long01.e3d=LongBow
bow_short01.e3d=ShortBow
bow_recurve01.e3d=RecurveBow
bow_elven01.e3d=ElvenBow
bow_cross01.e3d=CrossBow
quiver1.e3d=Quiver1
quiver2.e3d=Quiver2
portal1.e3d=Portal
lantern1.e3d=Lantern 1
lantern2.e3d=Lantern 2
lantern3.e3d=Lantern 3
light1.e3d=Light Pole 1
light2.e3d=Light Pole 2
light3.e3d=Light Pole 3
light4.e3d=Light Pole 4
torch.e3d=Torch
torch_holder.e3d=Torch Holder
candle1.e3d=Candle 1
candle2.e3d=Candle 2
candle3.e3d=Candle 3
candle_stand.e3d=Candle Stand
crystalball1.e3d=Blue Crystal Ball
crystalball2.e3d=Red Crystal Ball
crystalball3.e3d=White Crystal Ball
crystalball4.e3d=Clear Crystal Ball
crystalball_stand.e3d=Crystal Ball Stand
feather1.e3d=Feather 1
feather2.e3d=Feather 2
feather3.e3d=Feather 3
feather4.e3d=Feather 4
seashell1.e3d=Shell 1
seashell2.e3d=Shell 2
seashell3.e3d=Shell 3
seashell4.e3d=Shell 4
seashell5.e3d=Shell 5
seashell6.e3d=Shell 6
seashell7.e3d=Shell 7
seashell8.e3d=Barnacle 1
egg1.e3d=Egg 1
egg2.e3d=Egg 2
nest1.e3d=Nest 1
cage1.e3d=Cage 1
cart1.e3d=Cart 1
track1.e3d=Track 1
track2.e3d=Track 2
brazier1.e3d=Brazier 1
brazier2.e3d=Brazier 2
goldcoin1.e3d=Gold Coin
goldcoin2.e3d=Gold Coins
goldcoins1.e3d=Gold Coin mound
designpiece1.e3d=piece 1
designpiece2.e3d=piece 2
designpiece3.e3d=piece 3
designpiece4.e3d=piece 4
designpiece5.e3d=piece 5
designpiece6.e3d=piece 6
statue_base1.e3d=Statue Base
statue_base2.e3d=small column base
statue1.e3d=Angel Statue
statue2.e3d=Druid Statue
statue3.e3d=Horseman Statue
statue4.e3d=Pegasus Statue
statue5.e3d=Snake Statue
statue6.e3d=Dolphin Statue
gargoyle3.e3d=Small Gargoyle
gargoyle1.e3d=Medium Gargoyle
gargoyle2.e3d=Large Gargoyle
statue_amazon.e3d=Amazon
statue_duel.e3d=Duel
statue_knight.e3d=Knight1
statue_mknight.e3d=Knight2
statue_monk.e3d=Monk
statue_paladin.e3d=Paladin
statue_peasant.e3d=Peasant
statue_preacher.e3d=Preacher
statue_priest.e3d=Priest
statue_queen.e3d=Queen
statue_spearman.e3d=Spearman
statue_wingman.e3d=Wingman
statue_witch.e3d=Witch
statue_king.e3d=King
statue_centaur.e3d=Centaur
statue_mage1.e3d=Mage1
statue_mage2.e3d=Mage2
statue_mage3.e3d=Mage3
statue_warrior1.e3d=Warrior1
statue_warrior2.e3d=Warrior2
statue_warrior3.e3d=Warrior3
statue_warrior4.e3d=Warrior4
statue_dragon1.e3d=Dragon
statue_hydra1.e3d=Hydra
statue_chimera1.e3d=Chimera
column1.e3d=Column 1
column2.e3d=Column 2
column3.e3d=Column 3
column4.e3d=Column 4
column5.e3d=Column 5
column6.e3d=Column 6
column7.e3d=Column 7
column8.e3d=Column 8
column9.e3d=Column 9
column10.e3d=Column 10
column11.e3d=ElvenColumn 11
column12.e3d=Column 12
obelisk_blackmarble1.e3d=BlackMarble Column
stonebrick1.e3d=Stone Brick 1
stonebrick2.e3d=Stone Brick 2
stonebrick3.e3d=Stone Brick 3
tomb1.e3d=Head Stone 1
tomb2.e3d=Head Stone 2
tomb3.e3d=Head Stone 3
tomb4.e3d=Head Stone 4
tomb5.e3d=Head Stone 5
tomb6.e3d=Head Stone 6
crypt1.e3d=Crypt 1
crypt2.e3d=Crypt 2
banner1.e3d=IslaPrima Banner
banner2.e3d=WhiteStone Banner
banner3.e3d=DesertPines Banner
banner4.e3d=VOTD
banner5.e3d=Tirnym
banner6.e3d=Tahraji
banner7.e3d=Portland
banner8.e3d=Morcraven
banner9.e3d=Grubani P.
banner10.e3d=South Kilaran
banner11.e3d=Nordcarn
banner12.e3d=Kilaran Field
banner13.e3d=Naralik
banner14.e3d=Tarsengaard
banner15.e3d=Idaloran
banner16.e3d=Port Anitora
banner17.e3d=Irinveron
banner18.e3d=Trassian
banner19.e3d=Iscalrith
banner20.e3d=Glacmor
banner21.e3d=Hulda
banner22.e3d=Egratia Point
banner23.e3d=Imbroglio Islands
banner24.e3d=Hurquin
banner25.e3d=Palon Vertas
banner26.e3d=South Redmoon
banner27.e3d=Emerald Valley
banner28.e3d=North Redmoon
banner29.e3d=Kusamura
banner30.e3d=Sedicolis
banner31.e3d=Bethel
banner32.e3d=Isle of Forgotten
banner33.e3d=Zirankinbar
banner34.e3d=Arius
banner35.e3d=Melinis
banner36.e3d=Aeth Aelfan
banner37.e3d=Willow Vine
banner38.e3d=Battlefield
banner39.e3d=Irsis
poll_wood1.e3d=Poll
sign.e3d=Sign
sign1.e3d=Arrow Sign 1
sign2.e3d=Arrow Sign 2
sign3.e3d=Arrow Sign 3
sign4_tavern.e3d=Sign Tavern
sign5_grocer.e3d=Sign Grocer
sign6_blacksmith.e3d=Sign Blacksmith
sign7_magic.e3d=Sign Magic
sign8_bank.e3d=Sign Bank
sign9_herbs.e3d=Sign Flower
sign_pkmaps.e3d=Sign PK
book_open1.e3d=Open Red Book
book4.e3d=Red Book
books2.e3d=Three Red Books
book2.e3d=Blue Book
books1.e3d=Three Blue Books
book3.e3d=Brown Book
books4.e3d=Three Brown Books
book1.e3d=Violet Book
books3.e3d=Three Green Books
books5.e3d=More Books
spellbook1.e3d=Black Spell Book
spellbook3.e3d=Gold Spell Book
spellbook2.e3d=White White Book
scroll1.e3d=Scroll 1
scroll2.e3d=Scroll 2
map1.e3d=Map of Seredia
map2.e3d=Map of Irilion
newspaper1.e3d=News Paper 1
newspaper2.e3d=News Paper 2
newspaper3.e3d=News Paper 3
newspaper4.e3d=News Paper 4
paper1.e3d=Paper 1
paper2.e3d=Paper 2
paperburnt1.e3d=BurntPaper 1
paperburnt2.e3d=BurntPaper 2
quillpen1.e3d=Quillpen 1
inkwell1.e3d=Ink Well 1
clothes_shirtblue.e3d=Blue Shirt
clothes_shirtorange.e3d=Orange Shirt
clothes_pantsbrown1.e3d=Brown Pants 1
clothes_pantsbrown2.e3d=Brown Pants 2
clothes_towelgreen.e3d=Green Towel
clothes_towelorange.e3d=OrangeTowel
clothes_towelpink.e3d=Pink Towel
clothes_towelpurple.e3d=Purple Towel
clothes_towelred.e3d=Red Towel
clothes_towelwhite.e3d=White Towel
clothes_towelyellow.e3d=Yellow Towel
clothesline1.e3d=Clothes Line 1
clothesline2.e3d=Clothes Line 2
clothesline3.e3d=Clothes Line 3
rug1.e3d=Rug 1
rug2.e3d=Rug 2
rug3.e3d=Rug 3
rug4.e3d=Rug 4
rug5.e3d=Rug 5
rug6.e3d=Rug 6
rug7.e3d=Rug 7
rug8.e3d=Rug 8
rug9.e3d=Rug 9
rug10.e3d=Rug 10
rug_big1.e3d=Big Rug 1
rug_big2.e3d=Big Rug 1
fur_rug1.e3d=Fur Rug 1
fur_rug2.e3d=Fur Rug 2
fur_rug3.e3d=Fur Rug 3
fur_rug4.e3d=Fur Rug 4
fur_rug5.e3d=Fur Rug 5
fur_rug6.e3d=Fur Rug 6
fur_rug7.e3d=Fur Rug 7
fur_rug8.e3d=Fur Rug 8
fur_rug9.e3d=Fur Rug 9
fur_rug10.e3d=Fur Rug 10
tapestry1.e3d=Tapestry 1
tapestry2.e3d=Tapestry 2
tapestry3.e3d=Tapestry 3
tapestry4.e3d=Tapestry 4
tapestry5.e3d=Tapestry 5
lock1.e3d=Lock 1
lock1_open.e3d=Open Lock 1
lock2.e3d=Lock 2
lock3.e3d=Lock 3
lock4.e3d=Lock 4
jailbars.e3d=Jail Bars
jaildoor.e3d=Jail Door
coffin1.e3d=Coffin 1
coffin1_lid.e3d=Coffin Lid 1
coffin2.e3d=Coffin 2
coffin2_lid.e3d=Coffin Lid 2
bone1.e3d=Bone 1
bone2.e3d=Bone 2
bone3.e3d=Bone 3
bone4.e3d=Bone 4
bone_skull.e3d=Skull
bone_dragonskull.e3d=Dragon Skull
bone_dragonjaw.e3d=Dragon Jaw
web1.e3d=Web 1
web2.e3d=Web 2
web3.e3d=Web 3
web4.e3d=Web 4
food_bread1.e3d=Bread 1
food_bread2.e3d=Bread 2
food_apple.e3d=Fruits
food_banana.e3d=Fruits
food_orange.e3d=Fruits
food_grapes.e3d=Fruits
food_pear.e3d=Fruits
meat1.e3d=Raw Meat
meat2.e3d=Cooked Meat
meat3.e3d=Chicken leg
fish1.e3d=Fish 1
fish2.e3d=Fish 2
fish3.e3d=Fish 3
fish4.e3d=Fish 4
bottle1.e3d=Wine
bottle2.e3d=Ale
bottle3.e3d=Mead
mug1.e3d=Mug
plate1.e3d=Plate
goblet1.e3d=Goblet
iron1.e3d=Iron
iron2.e3d=Iron
silver1.e3d=Silver
silver2.e3d=Silver
gold1.e3d=Gold
gold2.e3d=Gold
titanium1.e3d=Titanium
titanium2.e3d=Titanium
copper1.e3d=Copper
copper2.e3d=Copper
tin1.e3d=Tin
tin2.e3d=Tin
wolframite1.e3d=Wolfram
wolframite2.e3d=Wolfram
dvarium1.e3d=Dvarium
dvarium2.e3d=Dvarium
irilium1.e3d=Irilium
irilium2.e3d=Irilium
seridium1.e3d=Seridium
seridium2.e3d=Seridium
hydrogenium1.e3d=Hydrogenium
hydrogenium2.e3d=Hydrogenium
cinnabar1.e3d=Cinnabar
cinnabar2.e3d=Cinnabar
coal1.e3d=Coal
coal2.e3d=Coal
sulfur1.e3d=Sulfur
sulfur2.e3d=Sulfur
amber1.e3d=Amber
amber2.e3d=Amber
turquoise1.e3d=Turquoise
turquoise2.e3d=Turquoise
gypsum1.e3d=Gypsum
gypsum2.e3d=Gypsum
obsidian1.e3d=Obsidian
obsidian2.e3d=Obsidian
crystal1.e3d=Quartz
crystal2.e3d=Quartz
crystal3.e3d=Blue Quartz
crystal4.e3d=Blue Quartz
crystal5.e3d=Red Quartz
crystal6.e3d=Red Quartz
gemstone1.e3d=Emerald
gemstone2.e3d=Sapphire
gemstone3.e3d=Ruby
gemstone4.e3d=Diamond
beehive.e3d=beehive
fence1.e3d=Fence 1
fence2.e3d=Fence 2
fence3.e3d=Fence 3
fence4.e3d=Fence 4
fence5.e3d=Fence 5
fence6.e3d=Fence 6
fence7.e3d=Fence 7
fence8.e3d=Fence 8
fence9.e3d=Fence 9
fence_iron1.e3d=Iron Fence
fountain1.e3d=fountain 1
fountain2.e3d=fountain 2
fountain3.e3d=fountain 3
fountain4.e3d=fountain 4
fountain5.e3d=fountain 5
fountain6.e3d=fountain 6
fountain7.e3d=fountain 7
fountain8.e3d=fountain 8
well1.e3d=Well 1
well2.e3d=Well 2
well3.e3d=Well 3
well4.e3d=ElvenWell 4
ship1.e3d=Ship 1
ship2.e3d=Ship 2
ship3.e3d=Ship 3
gangplank1.e3d=Gangplank 1
dock1.e3d=Dock 1
post1.e3d=Post 1
dock2.e3d=Dock 2
post2.e3d=Post 2
boat1.e3d=Boat 1
boat2.e3d=Boat 2
boat3.e3d=Boat 3
oar1.e3d=Oar 1
pitchfork.e3d=Pitch Fork
shovel.e3d=Shovel
saw1.e3d=Saw
broom1.e3d=Broom
hammer1.e3d=Blacksmith Hammer
bucket1.e3d=Bucket1
bucket2.e3d=Bucket2
trough_flowers.e3d=Trough1
trough_water.e3d=Trough2
basket1.e3d=Basket1
basket2.e3d=Basket2
basket3.e3d=Basket3
basket4.e3d=Basket4
basket5.e3d=Basket5
basket6.e3d=Basket6
fishingnet1.e3d=Fishing Net 1
fishingnet2.e3d=Fishing Net 2
fishingnet3.e3d=Fishing Net 3
fishingpole1.e3d=Fishing Pole
rope1.e3d=Rope 1
rope2.e3d=Rope 2
barrel1.e3d=Barrel 1
barrel2.e3d=Barrel 2
chest1.e3d=Chest
crate.e3d=Crate 1
crate2.e3d=Crate 2
bag1.e3d=Bag 1
sack1.e3d=Sack 1
sack2.e3d=Sack 2
pot1.e3d=Pot 1
pot2.e3d=Pot 2
pot3.e3d=Pot 3
pot4.e3d=Pot 4
pot5.e3d=Pot 5
pot6.e3d=Pot 6
pot7.e3d=Pot 7
cookingpot1.e3d=CookingPot 1
pot_cooking1.e3d=Small Cauldron
cauldron.e3d=Large Cauldron
pan1.e3d=Pan 1
bowl1.e3d=Bowl 1
ladle1.e3d=Ladle
ladder.e3d=Ladder
ladder2.e3d=Ladder2
sewer_ladder1.e3d=Sewer Ladder 1
sewer_ladder2.e3d=Sewer Ladder 2
board1.e3d=Plank
post3.e3d=Post 3
post4.e3d=Post 4
post5.e3d=Post 5
leather1.e3d=Leather
anvil1.e3d=Anvil
horseshoe1.e3d=Horse Shoe
bellows1.e3d=Bellows
mandrel.e3d=Mandrel
trough_stone1.e3d=Stone Trough
forgechimney1.e3d=Forge 1
forgechimney2.e3d=Forge 2
philosopher_stone.e3d=Philosopher's Stone
ingot_silver.e3d=Silver Ingot
ingot_copper.e3d=Copper Ingot
ingot_gold.e3d=Gold Ingot
essence_fire.e3d=Fire Essence
essence_water.e3d=Water Essence
essence_air.e3d=Air Essence
essence_earth.e3d=Earth Essence
essence_matter.e3d=Matter Essence
essence_life.e3d=Life Essence
essence_death.e3d=Death Essence
essence_spirit.e3d=Spirit Essence
essence_health.e3d=Health Essence
essence_energy.e3d=Energy Essence
essence_magic.e3d=Magic Essence
vial_holder1.e3d=Vial Holder
vialcork1.e3d=Cork
mortar.e3d=Mortar
pedstle.e3d=Pedstle
vial1.e3d=Vial1
vial2.e3d=Vial2
vial3.e3d=Vial3
vial4.e3d=Vial4
vial5.e3d=Vial5
vial6.e3d=Vial6
vial7.e3d=Vial7
vial8.e3d=Vial8
vial9.e3d=Vial9
vial10.e3d=Vial10
vial11.e3d=Vial11
vial12.e3d=Vial12
hammer2.e3d=Gemstone Hammer
chisel1.e3d=Chisel
sandpaper1.e3d=Sandpaper
crown1.e3d=Crown 1
crown2.e3d=Crown 2
ring_gold.e3d=Gold Ring
ring_silver.e3d=Silver Ring
medallion_gold.e3d=Gold Medallion1
medallion_silver.e3d=Silver Medallion1
medallion_silverpink.e3d=Silver Medallion2
medallion_silverblue.e3d=Silver Medallion3
medallion_bronze.e3d=Bronze Medallion
medallion_dragonred.e3d=Dragon Medallion1
medallion_dragonblue.e3d=Dragon Medallion2
summonstone_bear.e3d=Bear Stone
summonstone_feline.e3d=Tiger Stone
summonstone_phantom.e3d=Phantom Stone
summonstone_spider.e3d=Spider Stone
summonstone_chimeran1.e3d=Chimeran1 Stone
summonstone_chimeran2.e3d=Chimeran2 Stone
thread1.e3d=Thread
clothbolt_white.e3d=White cloth
clothbolt_black.e3d=Black cloth
clothbolt_red.e3d=Red cloth
clothbolt_orange.e3d=Orange cloth
clothbolt_green.e3d=Green cloth
clothbolt_blue.e3d=Blue cloth
clothbolt_purple.e3d=Purple cloth
ice_brick.e3d=Ice Brick
snowbrick1.e3d=Snow Brick
igloo1.e3d=Igloo small
igloo2.e3d=Igloo big
inside_igloo1.e3d=Inside Igloo small
inside_igloo2.e3d=Inside Igloo big
igloo_entrance1.e3d=Igloo entrance small
igloo_entrance2.e3d=Igloo entrance big
snow_rockbig1.e3d=snow_rockbig1
snow_rockbig2.e3d=snow_rockbig2
snow_rockbig3.e3d=snow_rockbig3
snow_rockhuge1.e3d=snow_rockhuge1
snow_rockhuge2.e3d=snow_rockhuge2
snow_rockhuge3.e3d=snow_rockhuge3
snow_rockhuge4.e3d=snow_rockhuge4
snow_rockhuge5.e3d=snow_rockhuge5
snow_rockhuge6.e3d=snow_rockhuge6
snow_rockhuge7.e3d=snow_rockhuge7
snow_rockhuge8.e3d=snow_rockhuge8
snow_rockhuge9.e3d=snow_rockhuge9
snowarch1.e3d=snowarch1
snowarch2.e3d=snowarch2
snowarch3.e3d=snowarch3
snowcave1.e3d=snowcave1
snowcave2.e3d=snowcave2
ice_rockbig1.e3d=ice_rockbig1
ice_rockbig2.e3d=ice_rockbig2
ice_rockbig3.e3d=ice_rockbig3
ice_rockhuge1.e3d=ice_rockhuge1
ice_rockhuge2.e3d=ice_rockhuge2
ice_rockhuge3.e3d=ice_rockhuge3
icewall1.e3d=ice_wall1
icewall2.e3d=ice_wall2
iceburg1.e3d=iceburg1
iceburg2.e3d=iceburg2
iceburg3.e3d=iceburg3
iceburg4.e3d=iceburg4
iceburg5.e3d=iceburg5
iceburg6.e3d=iceburg6
iceburg7.e3d=iceburg7
icicle1.e3d=icicle1
icicle2.e3d=icicle2
icicle3.e3d=icicle3
mound_snow1.e3d=mound_snow1
mound_snow2.e3d=mound_snow2
mound_snow3.e3d=mound_snow3
mound_snow4.e3d=mound_snow4
ice_column1.e3d=Ice Column 1
ice_column2.e3d=Ice Column 2
ice_obelisk1.e3d=Ice Obelisk 1
ice_obelisk2.e3d=Ice Obelisk 2
ice_obelisk3.e3d=Ice Obelisk 3
dragon_icestatue1.e3d=Ice Dragon Statue 1
dragon_icestatue2.e3d=Ice Dragon Statue 2
road_snow1.e3d=Snow Road1
road_snow2.e3d=Snow Road2
road_snow3.e3d=Snow Road3
tree_snow1.e3d=Snow Tree 1
tree_snow2.e3d=Snow Tree 2
tree_snow3.e3d=Snow Tree 3
tree_snow4.e3d=Snow Tree 4
tree_snow5.e3d=Snow Tree 5
bush_snow1.e3d=Snow Bush1
bush_snow2.e3d=Snow Bush2
tile1.e3d=tile1
tile3.e3d=tile3
tile7.e3d=tile7
tile9.e3d=tile9
tile11.e3d=tile11
tile13.e3d=tile13
tile14.e3d=tile14
tile15.e3d=tile15
tile16.e3d=tile16
tile17.e3d=tile17
tile18.e3d=tile18
tile22.e3d=tile22
tile23.e3d=tile23
tile24.e3d=tile24
tile25.e3d=tile25
tile26.e3d=tile26
tile27.e3d=tile27
tile30.e3d=tile30
tile31.e3d=tile31
tile32.e3d=tile32
tile36.e3d=tile36
tile37.e3d=tile37
tile38.e3d=tile38
tile39.e3d=tile39
tile40.e3d=tile40
tile41.e3d=tile41
tile42.e3d=tile42
tile43.e3d=tile43
tile_stonewall4.e3d=stonewall1
tile_stonewall6.e3d=stonewall2
tile_stonewall7.e3d=stonewall3
tile_stonewall8.e3d=stonewall4
tile_stonewall12.e3d=stonewall5
tile_stonewall15.e3d=stonewall6
tile_stonewall17.e3d=stonewall7
tile_stucco1.e3d=stonewall8
tile_stucco2.e3d=stonewall9
tile_stucco3.e3d=stonewall10
tile_stucco4.e3d=stonewall11
tile_stonewall16.e3d=stonewall12
