flowersun1.e3d
flowersun2.e3d
flowerblue1.e3d
flowerblue2.e3d
flowerwhite1.e3d
flowerwhite2.e3d
flowerwhite3.e3d
flowerpurple1.e3d
flowerpurple2.e3d
flowerpurple3.e3d
flowerpink1.e3d
flowerorange1.e3d
flowerorange2.e3d
flowerorange3.e3d
flowerred1.e3d
flowerbush1.e3d
flowerbush2.e3d
flowerbush3.e3d
flowerbush4.e3d
flowerbush5.e3d
flowerbush6.e3d
plant4.e3d
crystal1.e3d
crystal2.e3d
crystal3.e3d
crystal4.e3d
crystal5.e3d
crystal6.e3d
food_carrot.e3d
food_tomatoe.e3d
food_apple.e3d
food_banana.e3d
food_grapes.e3d
food_orange.e3d
food_pear.e3d
cabbage.e3d
corn1.e3d
corn2.e3d
corn3.e3d
corn4.e3d
tomatoeplant1.e3d
tomatoeplant2.e3d
coal1.e3d
coal2.e3d
gold1.e3d
gold2.e3d
iron1.e3d
iron2.e3d
sulfur1.e3d
sulfur2.e3d
silver1.e3d
silver2.e3d
cactus1.e3d
cactus2.e3d
cactus3.e3d
gemstone1.e3d
gemstone2.e3d
gemstone3.e3d
gemstone4.e3d
titanium1.e3d
titanium2.e3d
branch1.e3d
branch2.e3d
branch3.e3d
branch4.e3d
branch5.e3d
branch6.e3d
log2.e3d
bush_blueberry.e3d
bush_poisonivy.e3d
bush_redberry.e3d
herb_henbane.e3d
herb_mugwort.e3d
herb_mullein.e3d
herb_nightshade.e3d
herb_rue.e3d
herb_valerian.e3d
herb_Valerian.e3d
herb_wormwood.e3d
herb_yarrow.e3d
mushroom1.e3d
mushroom2.e3d
mushroom3.e3d
mushroom4.e3d
mushroom5.e3d
mushroom6.e3d
mushroom7.e3d
mushroom8.e3d
wheat1.e3d
wheat2.e3d
flower_daffodils.e3d
flower_dandelion.e3d
flower_poppies.e3d
flower_tulips1.e3d
flower_tulips2.e3d
flower_tulips3.e3d
cotton1.e3d
cotton2.e3d
outhouse1.e3d
amber1.e3d
amber2.e3d
cinnabar1.e3d
cinnabar2.e3d
copper1.e3d
copper2.e3d
dvarium1.e3d
dvarium2.e3d
gypsum1.e3d
gypsum2.e3d
hydrogenium1.e3d
hydrogenium2.e3d
irilium1.e3d
irilium2.e3d
obsidian1.e3d
obsidian2.e3d
seridium1.e3d
seridium2.e3d
tin1.e3d
tin2.e3d
turquoise1.e3d
turquoise2.e3d
wolframite1.e3d
wolframite2.e3d
beehive.e3d
treeleaves35.e3d